// Jest Snapshot v1, https://goo.gl/fbAQLP

exports[`Film card correctly renders 1`] = `
<article
  className="small-movie-card catalog__movies-card"
  onMouseEnter={[Function]}
  onMouseLeave={[Function]}
>
  <div
    className="small-movie-card__image"
  >
    <video
      height={175}
      loop={true}
      muted={true}
      poster="/image.jpg"
      src="video.mp4"
      width={280}
    />
  </div>
  <h3
    className="small-movie-card__title"
  >
    <a
      className="small-movie-card__link"
      href="movie-page.html"
    >
      Film-1
    </a>
  </h3>
</article>
`;
