// Jest Snapshot v1, https://goo.gl/fbAQLP

exports[`Rating correctly renders 1`] = `
Array [
  <input
    checked={true}
    className="rating__input"
    id="star-3"
    name="rating"
    onClick={[MockFunction]}
    type="radio"
    value={3}
  />,
  <label
    className="rating__label"
    htmlFor="star-3"
  >
    Rating 
    3
  </label>,
]
`;
