// Jest Snapshot v1, https://goo.gl/fbAQLP

exports[`Video player correctly renders 1`] = `
<video
  height={100}
  loop={true}
  muted={true}
  poster="poster.jpg"
  src="video.mp4"
  width={100}
/>
`;
